ASxxxx Linker V03.00 + NoICE + sdld,  page 1.
Hexadecimal  [32-Bits]

Area                                    Addr        Size        Decimal Bytes (Attributes)
--------------------------------        ----        ----        ------- ----- ------------
CABS                                00000000    00000000 =           0. bytes (ABS,CON,CODE)

      Value  Global                              Global Defined In Module
      -----  --------------------------------   ------------------------
C:   00000000  l_BIT_BANK                      
C:   00000000  l_BSEG                          
C:   00000000  l_BSEG_BYTES                    
C:   00000000  l_CABS                          
C:   00000000  l_GSFINAL                       
C:   00000000  l_GSINIT                        
C:   00000000  l_GSINIT0                       
C:   00000000  l_GSINIT1                       
C:   00000000  l_GSINIT2                       
C:   00000000  l_GSINIT3                       
C:   00000000  l_GSINIT4                       
C:   00000000  l_GSINIT5                       
C:   00000000  l_HOME                          
C:   00000000  l_IABS                          
C:   00000000  l_ISEG                          
C:   00000000  l_OSEG                          
C:   00000000  l_PSEG                          
C:   00000000  l_REG_BANK_1                    
C:   00000000  l_REG_BANK_2                    
C:   00000000  l_REG_BANK_3                    
C:   00000000  l_RSEG                          
C:   00000000  l_RSEG0                         
C:   00000000  l_RSEG1                         
C:   00000000  l_SSEG                          
C:   00000000  l_XABS                          
C:   00000000  l_XINIT                         
C:   00000000  l_XISEG                         
C:   00000000  l_XSEG                          
C:   00000000  l__CODE                         
C:   00000000  s_BSEG                          
C:   00000000  s_CABS                          
C:   00000000  s_DSEG                          
C:   00000000  s_IABS                          
C:   00000000  s_ISEG                          
C:   00000000  s_REG_BANK_0                    
C:   00000000  s_RSEG                          
C:   00000000  s_RSEG0                         
C:   00000000  s_RSEG1                         
C:   00000000  s_XABS                          
C:   00000008  l_REG_BANK_0                    
C:   00000008  s_REG_BANK_1                    
C:   00000009  l_DSEG                          
C:   00000010  s_REG_BANK_2                    
C:   00000018  s_BIT_BANK                      
C:   00000018  s_OSEG                          
C:   00000018  s_REG_BANK_3                    
C:   0000001E  l_CONST                         
C:   00000020  s_BSEG_BYTES                    
C:   00000020  s__CODE                         
C:   00000080  s_SSEG                          
ASxxxx Linker V03.00 + NoICE + sdld,  page 2.
Hexadecimal  [32-Bits]

Area                                    Addr        Size        Decimal Bytes (Attributes)
--------------------------------        ----        ----        ------- ----- ------------
CABS                                00000000    00000000 =           0. bytes (ABS,CON,CODE)

      Value  Global                              Global Defined In Module
      -----  --------------------------------   ------------------------
C:   00000100  l_IRAM                          
C:   0000068E  l_CSEG                          
C:   00000EBD  s_PSEG                          
C:   00000EBD  s_XISEG                         
C:   00000EBD  s_XSEG                          
C:   00008800  s_CSEG                          
C:   00008800  s_GSFINAL                       
C:   00008800  s_GSINIT                        
C:   00008800  s_GSINIT0                       
C:   00008800  s_GSINIT1                       
C:   00008800  s_GSINIT2                       
C:   00008800  s_GSINIT3                       
C:   00008800  s_GSINIT4                       
C:   00008800  s_GSINIT5                       
C:   00008800  s_HOME                          
C:   00008E8E  s_CONST                         
C:   00008EAC  s_XINIT                         

ASxxxx Linker V03.00 + NoICE + sdld,  page 3.
Hexadecimal  [32-Bits]

Area                                    Addr        Size        Decimal Bytes (Attributes)
--------------------------------        ----        ----        ------- ----- ------------
.  .ABS.                            00000000    00000000 =           0. bytes (ABS,CON)

      Value  Global                              Global Defined In Module
      -----  --------------------------------   ------------------------
     00000000  .__.ABS.                           s2i_simpleGATTprofile
     00000080  _P0                                s2i_epl_acc_lis331dl
     00000080  _P0_0                              s2i_epl_acc_lis331dl
     00000081  _P0_1                              s2i_epl_acc_lis331dl
     00000081  _SP                                s2i_epl_acc_lis331dl
     00000082  _DPL0                              s2i_epl_acc_lis331dl
     00000082  _P0_2                              s2i_epl_acc_lis331dl
     00000083  _DPH0                              s2i_epl_acc_lis331dl
     00000083  _P0_3                              s2i_epl_acc_lis331dl
     00000084  _DPL1                              s2i_epl_acc_lis331dl
     00000084  _P0_4                              s2i_epl_acc_lis331dl
     00000085  _DPH1                              s2i_epl_acc_lis331dl
     00000085  _P0_5                              s2i_epl_acc_lis331dl
     00000086  _P0_6                              s2i_epl_acc_lis331dl
     00000086  _U0CSR                             s2i_epl_acc_lis331dl
     00000087  _P0_7                              s2i_epl_acc_lis331dl
     00000087  _PCON                              s2i_epl_acc_lis331dl
     00000088  _TCON                              s2i_epl_acc_lis331dl
     00000088  _TCON_0                            s2i_epl_acc_lis331dl
     00000088  _TCON_IT0                          s2i_epl_acc_lis331dl
     00000089  _P0IFG                             s2i_epl_acc_lis331dl
     00000089  _TCON_1                            s2i_epl_acc_lis331dl
     00000089  _TCON_RFERRIF                      s2i_epl_acc_lis331dl
     0000008A  _P1IFG                             s2i_epl_acc_lis331dl
     0000008A  _TCON_2                            s2i_epl_acc_lis331dl
     0000008A  _TCON_IT1                          s2i_epl_acc_lis331dl
     0000008B  _P2IFG                             s2i_epl_acc_lis331dl
     0000008B  _TCON_3                            s2i_epl_acc_lis331dl
     0000008B  _TCON_URX0IF                       s2i_epl_acc_lis331dl
     0000008C  _PICTL                             s2i_epl_acc_lis331dl
     0000008C  _TCON_4                            s2i_epl_acc_lis331dl
     0000008D  _P1IEN                             s2i_epl_acc_lis331dl
     0000008D  _TCON_5                            s2i_epl_acc_lis331dl
     0000008D  _TCON_ADCIF                        s2i_epl_acc_lis331dl
     0000008E  _TCON_6                            s2i_epl_acc_lis331dl
     0000008F  _P0INP                             s2i_epl_acc_lis331dl
     0000008F  _TCON_7                            s2i_epl_acc_lis331dl
     0000008F  _TCON_URX1IF                       s2i_epl_acc_lis331dl
     00000090  _P1                                s2i_epl_acc_lis331dl
     00000090  _P1_0                              s2i_epl_acc_lis331dl
     00000091  _P1_1                              s2i_epl_acc_lis331dl
     00000091  _RFIRQF1                           s2i_epl_acc_lis331dl
     00000092  _DPS                               s2i_epl_acc_lis331dl
     00000092  _P1_2                              s2i_epl_acc_lis331dl
     00000093  _MPAGE                             s2i_epl_acc_lis331dl
     00000093  _P1_3                              s2i_epl_acc_lis331dl
     00000094  _P1_4                              s2i_epl_acc_lis331dl
     00000094  _T2CTRL                            s2i_epl_acc_lis331dl
     00000095  _P1_5                              s2i_epl_acc_lis331dl
     00000095  _ST0                               s2i_epl_acc_lis331dl
ASxxxx Linker V03.00 + NoICE + sdld,  page 4.
Hexadecimal  [32-Bits]

Area                                    Addr        Size        Decimal Bytes (Attributes)
--------------------------------        ----        ----        ------- ----- ------------
.  .ABS.                            00000000    00000000 =           0. bytes (ABS,CON)

      Value  Global                              Global Defined In Module
      -----  --------------------------------   ------------------------
     00000095  _STLOAD                            s2i_epl_acc_lis331dl
     00000096  _P1_6                              s2i_epl_acc_lis331dl
     00000096  _ST1                               s2i_epl_acc_lis331dl
     00000097  _P1_7                              s2i_epl_acc_lis331dl
     00000097  _ST2                               s2i_epl_acc_lis331dl
     00000098  _S0CON                             s2i_epl_acc_lis331dl
     00000098  _S0CON_0                           s2i_epl_acc_lis331dl
     00000098  _S0CON_ENCIF_0                     s2i_epl_acc_lis331dl
     00000099  _S0CON_1                           s2i_epl_acc_lis331dl
     00000099  _S0CON_ENCIF_1                     s2i_epl_acc_lis331dl
     0000009A  _IEN2                              s2i_epl_acc_lis331dl
     0000009A  _S0CON_2                           s2i_epl_acc_lis331dl
     0000009B  _S0CON_3                           s2i_epl_acc_lis331dl
     0000009B  _S1CON                             s2i_epl_acc_lis331dl
     0000009C  _S0CON_4                           s2i_epl_acc_lis331dl
     0000009C  _T2EVTCFG                          s2i_epl_acc_lis331dl
     0000009D  _S0CON_5                           s2i_epl_acc_lis331dl
     0000009D  _SLEEPSTA                          s2i_epl_acc_lis331dl
     0000009E  _CLKCONSTA                         s2i_epl_acc_lis331dl
     0000009E  _S0CON_6                           s2i_epl_acc_lis331dl
     0000009F  _FMAP                              s2i_epl_acc_lis331dl
     0000009F  _S0CON_7                           s2i_epl_acc_lis331dl
     000000A0  _P2                                s2i_epl_acc_lis331dl
     000000A0  _P2_0                              s2i_epl_acc_lis331dl
     000000A0  _P2__0                             s2i_epl_acc_lis331dl
     000000A1  _P2_1                              s2i_epl_acc_lis331dl
     000000A1  _P2__1                             s2i_epl_acc_lis331dl
     000000A1  _T2IRQF                            s2i_epl_acc_lis331dl
     000000A2  _P2_2                              s2i_epl_acc_lis331dl
     000000A2  _P2__2                             s2i_epl_acc_lis331dl
     000000A2  _T2M0                              s2i_epl_acc_lis331dl
     000000A3  _P2_3                              s2i_epl_acc_lis331dl
     000000A3  _P2__3                             s2i_epl_acc_lis331dl
     000000A3  _T2M1                              s2i_epl_acc_lis331dl
     000000A4  _P2_4                              s2i_epl_acc_lis331dl
     000000A4  _P2__4                             s2i_epl_acc_lis331dl
     000000A4  _T2MOVF0                           s2i_epl_acc_lis331dl
     000000A5  _P2_5                              s2i_epl_acc_lis331dl
     000000A5  _T2MOVF1                           s2i_epl_acc_lis331dl
     000000A6  _P2_6                              s2i_epl_acc_lis331dl
     000000A6  _T2MOVF2                           s2i_epl_acc_lis331dl
     000000A7  _P2_7                              s2i_epl_acc_lis331dl
     000000A7  _T2IRQM                            s2i_epl_acc_lis331dl
     000000A8  _IEN0                              s2i_epl_acc_lis331dl
     000000A8  _IEN0_0                            s2i_epl_acc_lis331dl
     000000A8  _IEN0_RFERRIE                      s2i_epl_acc_lis331dl
     000000A9  _IEN0_1                            s2i_epl_acc_lis331dl
     000000A9  _IEN0_ADCIE                        s2i_epl_acc_lis331dl
     000000A9  _IP0                               s2i_epl_acc_lis331dl
     000000AA  _IEN0_2                            s2i_epl_acc_lis331dl
     000000AA  _IEN0_URX0IE                       s2i_epl_acc_lis331dl
ASxxxx Linker V03.00 + NoICE + sdld,  page 5.
Hexadecimal  [32-Bits]

Area                                    Addr        Size        Decimal Bytes (Attributes)
--------------------------------        ----        ----        ------- ----- ------------
.  .ABS.                            00000000    00000000 =           0. bytes (ABS,CON)

      Value  Global                              Global Defined In Module
      -----  --------------------------------   ------------------------
     000000AB  _IEN0_3                            s2i_epl_acc_lis331dl
     000000AB  _IEN0_URX1IE                       s2i_epl_acc_lis331dl
     000000AB  _P0IEN                             s2i_epl_acc_lis331dl
     000000AC  _IEN0_4                            s2i_epl_acc_lis331dl
     000000AC  _IEN0_ENCIE                        s2i_epl_acc_lis331dl
     000000AC  _P2IEN                             s2i_epl_acc_lis331dl
     000000AD  _IEN0_5                            s2i_epl_acc_lis331dl
     000000AD  _IEN0_STIE                         s2i_epl_acc_lis331dl
     000000AE  _IEN0_6                            s2i_epl_acc_lis331dl
     000000AE  _PMUX                              s2i_epl_acc_lis331dl
     000000AF  _IEN0_7                            s2i_epl_acc_lis331dl
     000000AF  _IEN0_EA                           s2i_epl_acc_lis331dl
     000000AF  _T1STAT                            s2i_epl_acc_lis331dl
     000000B1  _ENCDI                             s2i_epl_acc_lis331dl
     000000B2  _ENCDO                             s2i_epl_acc_lis331dl
     000000B3  _ENCCS                             s2i_epl_acc_lis331dl
     000000B4  _ADCCON1                           s2i_epl_acc_lis331dl
     000000B5  _ADCCON2                           s2i_epl_acc_lis331dl
     000000B6  _ADCCON3                           s2i_epl_acc_lis331dl
     000000B8  _IEN1                              s2i_epl_acc_lis331dl
     000000B8  _IEN1_0                            s2i_epl_acc_lis331dl
     000000B8  _IEN1_DMAIE                        s2i_epl_acc_lis331dl
     000000B9  _IEN1_1                            s2i_epl_acc_lis331dl
     000000B9  _IEN1_T1IE                         s2i_epl_acc_lis331dl
     000000B9  _IP1                               s2i_epl_acc_lis331dl
     000000BA  _ADCL                              s2i_epl_acc_lis331dl
     000000BA  _IEN1_2                            s2i_epl_acc_lis331dl
     000000BA  _IEN1_T2IE                         s2i_epl_acc_lis331dl
     000000BB  _ADCH                              s2i_epl_acc_lis331dl
     000000BB  _IEN1_3                            s2i_epl_acc_lis331dl
     000000BB  _IEN1_T3IE                         s2i_epl_acc_lis331dl
     000000BC  _IEN1_4                            s2i_epl_acc_lis331dl
     000000BC  _IEN1_T4IE                         s2i_epl_acc_lis331dl
     000000BC  _RNDL                              s2i_epl_acc_lis331dl
     000000BD  _IEN1_5                            s2i_epl_acc_lis331dl
     000000BD  _IEN1_P0IE                         s2i_epl_acc_lis331dl
     000000BD  _RNDH                              s2i_epl_acc_lis331dl
     000000BE  _IEN1_6                            s2i_epl_acc_lis331dl
     000000BE  _SLEEPCMD                          s2i_epl_acc_lis331dl
     000000BF  _IEN1_7                            s2i_epl_acc_lis331dl
     000000BF  _RFERRF                            s2i_epl_acc_lis331dl
     000000C0  _IRCON                             s2i_epl_acc_lis331dl
     000000C0  _IRCON_0                           s2i_epl_acc_lis331dl
     000000C0  _IRCON_DMAIF                       s2i_epl_acc_lis331dl
     000000C1  _IRCON_1                           s2i_epl_acc_lis331dl
     000000C1  _IRCON_T1IF                        s2i_epl_acc_lis331dl
     000000C1  _U0DBUF                            s2i_epl_acc_lis331dl
     000000C2  _IRCON_2                           s2i_epl_acc_lis331dl
     000000C2  _IRCON_T2IF                        s2i_epl_acc_lis331dl
     000000C2  _U0BAUD                            s2i_epl_acc_lis331dl
     000000C3  _IRCON_3                           s2i_epl_acc_lis331dl
ASxxxx Linker V03.00 + NoICE + sdld,  page 6.
Hexadecimal  [32-Bits]

Area                                    Addr        Size        Decimal Bytes (Attributes)
--------------------------------        ----        ----        ------- ----- ------------
.  .ABS.                            00000000    00000000 =           0. bytes (ABS,CON)

      Value  Global                              Global Defined In Module
      -----  --------------------------------   ------------------------
     000000C3  _IRCON_T3IF                        s2i_epl_acc_lis331dl
     000000C3  _T2MSEL                            s2i_epl_acc_lis331dl
     000000C4  _IRCON_4                           s2i_epl_acc_lis331dl
     000000C4  _IRCON_T4IF                        s2i_epl_acc_lis331dl
     000000C4  _U0UCR                             s2i_epl_acc_lis331dl
     000000C5  _IRCON_5                           s2i_epl_acc_lis331dl
     000000C5  _IRCON_P0IF                        s2i_epl_acc_lis331dl
     000000C5  _U0GCR                             s2i_epl_acc_lis331dl
     000000C6  _CLKCONCMD                         s2i_epl_acc_lis331dl
     000000C6  _IRCON_6                           s2i_epl_acc_lis331dl
     000000C7  _IRCON_7                           s2i_epl_acc_lis331dl
     000000C7  _IRCON_STIF                        s2i_epl_acc_lis331dl
     000000C7  _MEMCTR                            s2i_epl_acc_lis331dl
     000000C9  _WDCTL                             s2i_epl_acc_lis331dl
     000000CA  _T3CNT                             s2i_epl_acc_lis331dl
     000000CB  _T3CTL                             s2i_epl_acc_lis331dl
     000000CC  _T3CCTL0                           s2i_epl_acc_lis331dl
     000000CD  _T3CC0                             s2i_epl_acc_lis331dl
     000000CE  _T3CCTL1                           s2i_epl_acc_lis331dl
     000000CF  _T3CC1                             s2i_epl_acc_lis331dl
     000000D0  _PSW                               s2i_epl_acc_lis331dl
     000000D0  _PSW_0                             s2i_epl_acc_lis331dl
     000000D0  _PSW_P                             s2i_epl_acc_lis331dl
     000000D1  _DMAIRQ                            s2i_epl_acc_lis331dl
     000000D1  _PSW_1                             s2i_epl_acc_lis331dl
     000000D1  _PSW_F1                            s2i_epl_acc_lis331dl
     000000D2  _DMA1CFGL                          s2i_epl_acc_lis331dl
     000000D2  _PSW_2                             s2i_epl_acc_lis331dl
     000000D2  _PSW_OV                            s2i_epl_acc_lis331dl
     000000D3  _DMA1CFGH                          s2i_epl_acc_lis331dl
     000000D3  _PSW_3                             s2i_epl_acc_lis331dl
     000000D4  _DMA0CFGL                          s2i_epl_acc_lis331dl
     000000D4  _PSW_4                             s2i_epl_acc_lis331dl
     000000D5  _DMA0CFGH                          s2i_epl_acc_lis331dl
     000000D5  _PSW_5                             s2i_epl_acc_lis331dl
     000000D5  _PSW_F0                            s2i_epl_acc_lis331dl
     000000D6  _DMAARM                            s2i_epl_acc_lis331dl
     000000D6  _PSW_6                             s2i_epl_acc_lis331dl
     000000D6  _PSW_AC                            s2i_epl_acc_lis331dl
     000000D7  _DMAREQ                            s2i_epl_acc_lis331dl
     000000D7  _PSW_7                             s2i_epl_acc_lis331dl
     000000D7  _PSW_CY                            s2i_epl_acc_lis331dl
     000000D8  _TIMIF                             s2i_epl_acc_lis331dl
     000000D8  _TIMIF_0                           s2i_epl_acc_lis331dl
     000000D8  _TIMIF_T3OVFIF                     s2i_epl_acc_lis331dl
     000000D9  _RFD                               s2i_epl_acc_lis331dl
     000000D9  _TIMIF_1                           s2i_epl_acc_lis331dl
     000000D9  _TIMIF_T3CH0IF                     s2i_epl_acc_lis331dl
     000000DA  _T1CC0L                            s2i_epl_acc_lis331dl
     000000DA  _TIMIF_2                           s2i_epl_acc_lis331dl
     000000DA  _TIMIF_T3CH1IF                     s2i_epl_acc_lis331dl
ASxxxx Linker V03.00 + NoICE + sdld,  page 7.
Hexadecimal  [32-Bits]

Area                                    Addr        Size        Decimal Bytes (Attributes)
--------------------------------        ----        ----        ------- ----- ------------
.  .ABS.                            00000000    00000000 =           0. bytes (ABS,CON)

      Value  Global                              Global Defined In Module
      -----  --------------------------------   ------------------------
     000000DB  _T1CC0H                            s2i_epl_acc_lis331dl
     000000DB  _TIMIF_3                           s2i_epl_acc_lis331dl
     000000DB  _TIMIF_T4OVFIF                     s2i_epl_acc_lis331dl
     000000DC  _T1CC1L                            s2i_epl_acc_lis331dl
     000000DC  _TIMIF_4                           s2i_epl_acc_lis331dl
     000000DC  _TIMIF_T4CH0IF                     s2i_epl_acc_lis331dl
     000000DD  _T1CC1H                            s2i_epl_acc_lis331dl
     000000DD  _TIMIF_5                           s2i_epl_acc_lis331dl
     000000DD  _TIMIF_T4CH1IF                     s2i_epl_acc_lis331dl
     000000DE  _T1CC2L                            s2i_epl_acc_lis331dl
     000000DE  _TIMIF_6                           s2i_epl_acc_lis331dl
     000000DE  _TIMIF_T1OVFIM                     s2i_epl_acc_lis331dl
     000000DF  _T1CC2H                            s2i_epl_acc_lis331dl
     000000DF  _TIMIF_7                           s2i_epl_acc_lis331dl
     000000E0  _ACC                               s2i_epl_acc_lis331dl
     000000E0  _ACC_0                             s2i_epl_acc_lis331dl
     000000E1  _ACC_1                             s2i_epl_acc_lis331dl
     000000E1  _RFST                              s2i_epl_acc_lis331dl
     000000E2  _ACC_2                             s2i_epl_acc_lis331dl
     000000E2  _T1CNTL                            s2i_epl_acc_lis331dl
     000000E3  _ACC_3                             s2i_epl_acc_lis331dl
     000000E3  _T1CNTH                            s2i_epl_acc_lis331dl
     000000E4  _ACC_4                             s2i_epl_acc_lis331dl
     000000E4  _T1CTL                             s2i_epl_acc_lis331dl
     000000E5  _ACC_5                             s2i_epl_acc_lis331dl
     000000E5  _T1CCTL0                           s2i_epl_acc_lis331dl
     000000E6  _ACC_6                             s2i_epl_acc_lis331dl
     000000E6  _T1CCTL1                           s2i_epl_acc_lis331dl
     000000E7  _ACC_7                             s2i_epl_acc_lis331dl
     000000E7  _T1CCTL2                           s2i_epl_acc_lis331dl
     000000E8  _IRCON2                            s2i_epl_acc_lis331dl
     000000E8  _IRCON2_0                          s2i_epl_acc_lis331dl
     000000E8  _IRCON2_P2IF                       s2i_epl_acc_lis331dl
     000000E9  _IRCON2_1                          s2i_epl_acc_lis331dl
     000000E9  _IRCON2_UTX0IF                     s2i_epl_acc_lis331dl
     000000E9  _RFIRQF0                           s2i_epl_acc_lis331dl
     000000EA  _IRCON2_2                          s2i_epl_acc_lis331dl
     000000EA  _IRCON2_UTX1IF                     s2i_epl_acc_lis331dl
     000000EA  _T4CNT                             s2i_epl_acc_lis331dl
     000000EB  _IRCON2_3                          s2i_epl_acc_lis331dl
     000000EB  _IRCON2_P1IF                       s2i_epl_acc_lis331dl
     000000EB  _T4CTL                             s2i_epl_acc_lis331dl
     000000EC  _IRCON2_4                          s2i_epl_acc_lis331dl
     000000EC  _IRCON2_WDTIF                      s2i_epl_acc_lis331dl
     000000EC  _T4CCTL0                           s2i_epl_acc_lis331dl
     000000ED  _IRCON2_5                          s2i_epl_acc_lis331dl
     000000ED  _T4CC0                             s2i_epl_acc_lis331dl
     000000EE  _IRCON2_6                          s2i_epl_acc_lis331dl
     000000EE  _T4CCTL1                           s2i_epl_acc_lis331dl
     000000EF  _IRCON2_7                          s2i_epl_acc_lis331dl
     000000EF  _T4CC1                             s2i_epl_acc_lis331dl
ASxxxx Linker V03.00 + NoICE + sdld,  page 8.
Hexadecimal  [32-Bits]

Area                                    Addr        Size        Decimal Bytes (Attributes)
--------------------------------        ----        ----        ------- ----- ------------
.  .ABS.                            00000000    00000000 =           0. bytes (ABS,CON)

      Value  Global                              Global Defined In Module
      -----  --------------------------------   ------------------------
     000000F0  _B                                 s2i_epl_acc_lis331dl
     000000F0  _B_0                               s2i_epl_acc_lis331dl
     000000F1  _B_1                               s2i_epl_acc_lis331dl
     000000F1  _PERCFG                            s2i_epl_acc_lis331dl
     000000F2  _APCFG                             s2i_epl_acc_lis331dl
     000000F2  _B_2                               s2i_epl_acc_lis331dl
     000000F3  _B_3                               s2i_epl_acc_lis331dl
     000000F3  _P0SEL                             s2i_epl_acc_lis331dl
     000000F4  _B_4                               s2i_epl_acc_lis331dl
     000000F4  _P1SEL                             s2i_epl_acc_lis331dl
     000000F5  _B_5                               s2i_epl_acc_lis331dl
     000000F5  _P2SEL                             s2i_epl_acc_lis331dl
     000000F6  _B_6                               s2i_epl_acc_lis331dl
     000000F6  _P1INP                             s2i_epl_acc_lis331dl
     000000F7  _B_7                               s2i_epl_acc_lis331dl
     000000F7  _P2INP                             s2i_epl_acc_lis331dl
     000000F8  _U1CSR                             s2i_epl_acc_lis331dl
     000000F8  _U1CSR_0                           s2i_epl_acc_lis331dl
     000000F8  _U1CSR_ACTIVE                      s2i_epl_acc_lis331dl
     000000F9  _U1CSR_1                           s2i_epl_acc_lis331dl
     000000F9  _U1CSR_TX_BYTE                     s2i_epl_acc_lis331dl
     000000F9  _U1DBUF                            s2i_epl_acc_lis331dl
     000000FA  _U1BAUD                            s2i_epl_acc_lis331dl
     000000FA  _U1CSR_2                           s2i_epl_acc_lis331dl
     000000FA  _U1CSR_RX_BYTE                     s2i_epl_acc_lis331dl
     000000FB  _U1CSR_3                           s2i_epl_acc_lis331dl
     000000FB  _U1CSR_ERR                         s2i_epl_acc_lis331dl
     000000FB  _U1UCR                             s2i_epl_acc_lis331dl
     000000FC  _U1CSR_4                           s2i_epl_acc_lis331dl
     000000FC  _U1CSR_FE                          s2i_epl_acc_lis331dl
     000000FC  _U1GCR                             s2i_epl_acc_lis331dl
     000000FD  _P0DIR                             s2i_epl_acc_lis331dl
     000000FD  _U1CSR_5                           s2i_epl_acc_lis331dl
     000000FD  _U1CSR_SLAVE                       s2i_epl_acc_lis331dl
     000000FE  _P1DIR                             s2i_epl_acc_lis331dl
     000000FE  _U1CSR_6                           s2i_epl_acc_lis331dl
     000000FE  _U1CSR_RE                          s2i_epl_acc_lis331dl
     000000FF  _P2DIR                             s2i_epl_acc_lis331dl
     000000FF  _U1CSR_7                           s2i_epl_acc_lis331dl
     000000FF  _U1CSR_MODE                        s2i_epl_acc_lis331dl
     00000C95  _accelEnabler                      CodeGeneratorCallBacks
     00000C96  _timeEnabler                       CodeGeneratorCallBacks
     00000EA2  _buf                               CodeGeneratorCallBacks
     00000EA6  _fer                               CodeGeneratorCallBacks
     00000FBD  _simpleBLEPeripheral_TaskID        CodeGeneratorCallBacks
     000017DD  _attDeviceName                     CodeGeneratorCallBacks
     0000618D  _RFSTAT                            s2i_epl_acc_lis331dl
     000061A9  _ATEST                             s2i_epl_acc_lis331dl
     000061AD  _OPAMPMC                           s2i_epl_acc_lis331dl
     000061AE  _RFC_OBS                           s2i_epl_acc_lis331dl
     000061AF  _RFC_OBS_CTRL1                     s2i_epl_acc_lis331dl
ASxxxx Linker V03.00 + NoICE + sdld,  page 9.
Hexadecimal  [32-Bits]

Area                                    Addr        Size        Decimal Bytes (Attributes)
--------------------------------        ----        ----        ------- ----- ------------
.  .ABS.                            00000000    00000000 =           0. bytes (ABS,CON)

      Value  Global                              Global Defined In Module
      -----  --------------------------------   ------------------------
     000061B0  _RFC_OBS_CTRL2                     s2i_epl_acc_lis331dl
     00006200  _USBADDR                           s2i_epl_acc_lis331dl
     00006201  _USBPOW                            s2i_epl_acc_lis331dl
     00006202  _USBIIF                            s2i_epl_acc_lis331dl
     00006204  _USBOIF                            s2i_epl_acc_lis331dl
     00006207  _USBIIE                            s2i_epl_acc_lis331dl
     00006209  _USBOIE                            s2i_epl_acc_lis331dl
     0000620B  _USBCIE                            s2i_epl_acc_lis331dl
     0000620C  _USBFRML                           s2i_epl_acc_lis331dl
     0000620D  _USBFRMH                           s2i_epl_acc_lis331dl
     0000620E  _USBINDEX                          s2i_epl_acc_lis331dl
     0000620F  _USBCTRL                           s2i_epl_acc_lis331dl
     00006210  _USBMAXI                           s2i_epl_acc_lis331dl
     00006211  _USBCS0                            s2i_epl_acc_lis331dl
     00006211  _USBCSIL                           s2i_epl_acc_lis331dl
     00006243  _OBSSEL0                           s2i_epl_acc_lis331dl
     00006244  _OBSSEL1                           s2i_epl_acc_lis331dl
     00006245  _OBSSEL2                           s2i_epl_acc_lis331dl
     00006246  _OBSSEL3                           s2i_epl_acc_lis331dl
     00006247  _OBSSEL4                           s2i_epl_acc_lis331dl
     00006248  _OBSSEL5                           s2i_epl_acc_lis331dl
     00006249  _CHVER                             s2i_epl_acc_lis331dl
     0000624A  _CHIPID                            s2i_epl_acc_lis331dl
     0000624B  _TR0                               s2i_epl_acc_lis331dl
     00006260  _DBGDATA                           s2i_epl_acc_lis331dl
     00006264  _BATTMON                           s2i_epl_acc_lis331dl
     00006265  _IVCTRL                            s2i_epl_acc_lis331dl
     00006270  _FCTL                              s2i_epl_acc_lis331dl
     00006271  _FADDRL                            s2i_epl_acc_lis331dl
     00006272  _FADDRH                            s2i_epl_acc_lis331dl
     00006273  _FWDATA                            s2i_epl_acc_lis331dl
     00006276  _CHIPINFO0                         s2i_epl_acc_lis331dl
     00006277  _CHIPINFO1                         s2i_epl_acc_lis331dl
     00006281  _IRCTL                             s2i_epl_acc_lis331dl
     00006290  _CLD                               s2i_epl_acc_lis331dl
     000062A3  _T1CCTL3                           s2i_epl_acc_lis331dl
     000062A4  _T1CCTL4                           s2i_epl_acc_lis331dl
     000062AC  _T1CC3L                            s2i_epl_acc_lis331dl
     000062AD  _T1CC3H                            s2i_epl_acc_lis331dl
     000062AE  _T1CC4L                            s2i_epl_acc_lis331dl
     000062AF  _T1CC4H                            s2i_epl_acc_lis331dl
     000062B0  _STCC                              s2i_epl_acc_lis331dl
     000062B1  _STCS                              s2i_epl_acc_lis331dl
     000062B2  _STCV0                             s2i_epl_acc_lis331dl
     000062B3  _STCV1                             s2i_epl_acc_lis331dl
     000062B4  _STCV2                             s2i_epl_acc_lis331dl
     000062C0  _OPAMPC                            s2i_epl_acc_lis331dl
     000062C1  _OPAMPS                            s2i_epl_acc_lis331dl
     000062D0  _CMPCTL                            s2i_epl_acc_lis331dl
ASxxxx Linker V03.00 + NoICE + sdld,  page 10.
Hexadecimal  [32-Bits]

Area                                    Addr        Size        Decimal Bytes (Attributes)
--------------------------------        ----        ----        ------- ----- ------------
REG_BANK_0                          00000000    00000008 =           8. bytes (REL,OVR)

      Value  Global                              Global Defined In Module
      -----  --------------------------------   ------------------------
ASxxxx Linker V03.00 + NoICE + sdld,  page 11.
Hexadecimal  [32-Bits]

Area                                    Addr        Size        Decimal Bytes (Attributes)
--------------------------------        ----        ----        ------- ----- ------------
DSEG                                00000000    00000009 =           9. bytes (REL,CON)

      Value  Global                              Global Defined In Module
      -----  --------------------------------   ------------------------
     00000008  _bp                                _bp

ASxxxx Linker V03.00 + NoICE + sdld,  page 12.
Hexadecimal  [32-Bits]

Area                                    Addr        Size        Decimal Bytes (Attributes)
--------------------------------        ----        ----        ------- ----- ------------
CSEG                                00008800    0000068E =        1678. bytes (REL,CON,CODE)

      Value  Global                              Global Defined In Module
      -----  --------------------------------   ------------------------
C:   00008800  _cg_simpleProfileChangeCB          CodeGeneratorCallBacks
C:   00008832  _cg_accelEnablerChangeCB           CodeGeneratorCallBacks
C:   0000888E  _cg_battProfileChangeCB            CodeGeneratorCallBacks
C:   0000888F  _cg_EVT_1_CB                       CodeGeneratorCallBacks
C:   000088B5  _cg_EVT_2_CB                       CodeGeneratorCallBacks
C:   000088D7  _cg_EVT_3_CB                       CodeGeneratorCallBacks
C:   000088D8  _cg_EVT_4_CB                       CodeGeneratorCallBacks
C:   000088D9  _cg_timeserviceChangeCB            CodeGeneratorCallBacks
C:   00008A49  _rtcInit                           s2i_epl_rtc_m41t62
C:   00008A4D  _rtcSetTime                        s2i_epl_rtc_m41t62
C:   00008A69  _rtcGetTime                        s2i_epl_rtc_m41t62
C:   00008AA8  _rtcSetDate                        s2i_epl_rtc_m41t62
C:   00008AC8  _rtcGetDate                        s2i_epl_rtc_m41t62
C:   00008B0C  _rtcGetAlarm                       s2i_epl_rtc_m41t62
C:   00008B50  _rtcSetAlarm                       s2i_epl_rtc_m41t62
C:   00008B90  _Accel_AddService                  s2i_accelerometer
C:   00008B9D  _Accel_RegisterAppCBs              s2i_accelerometer
C:   00008BA7  _Accel_SetParameter                s2i_accelerometer
C:   00008BC7  _Accel_GetParameter                s2i_accelerometer
C:   00008BE5  _osalTimerInit                     s2i_OSAL_Timers
C:   00008BE9  _osal_start_timerEx                s2i_OSAL_Timers
C:   00008C2F  _osal_start_reload_timer           s2i_OSAL_Timers
C:   00008C75  _osal_stop_timerEx                 s2i_OSAL_Timers
C:   00008C93  _osal_get_timeoutEx                s2i_OSAL_Timers
C:   00008CB6  _osal_timer_ISR                    s2i_OSAL_Timers
C:   00008CB7  _osal_adjust_timers                s2i_OSAL_Timers
C:   00008CB8  _osalTimerUpdate                   s2i_OSAL_Timers
C:   00008CC3  _osal_timer_num_active             s2i_OSAL_Timers
C:   00008CC4  _osal_sleep_timers                 s2i_OSAL_Timers
C:   00008CC5  _osal_unsleep_timers               s2i_OSAL_Timers
C:   00008CC6  _osal_GetSystemClock               s2i_OSAL_Timers
C:   00008CD1  _osal_next_timeout                 s2i_OSAL_Timers
C:   00008CD2  _accInit                           s2i_epl_acc_lis331dl
C:   00008CD6  _accWriteReg                       s2i_epl_acc_lis331dl
C:   00008CEA  _accReadReg                        s2i_epl_acc_lis331dl
C:   00008D06  _accReadMultiReg                   s2i_epl_acc_lis331dl
C:   00008D0E  _accReadAcc                        s2i_epl_acc_lis331dl
C:   00008D4D  _accReadAllAcc                     s2i_epl_acc_lis331dl
C:   00008D4E  _accSetFreeFallEvent               s2i_epl_acc_lis331dl
C:   00008D52  _timeservice_AddService            s2i_timeservice
C:   00008D5F  _timeservice_RegisterAppCBs        s2i_timeservice
C:   00008D69  _timeservice_SetParameter          s2i_timeservice
C:   00008D89  _timeservice_GetParameter          s2i_timeservice
C:   00008DA7  _SimpleProfile_AddService          s2i_simpleGATTprofile
C:   00008DB4  _SimpleProfile_RegisterAppCBs      s2i_simpleGATTprofile
C:   00008DBE  _SimpleProfile_SetParameter        s2i_simpleGATTprofile
C:   00008DDE  _SimpleProfile_GetParameter        s2i_simpleGATTprofile

ASxxxx Linker V03.00 + NoICE + sdld,  page 13.
Hexadecimal  [32-Bits]

Area                                    Addr        Size        Decimal Bytes (Attributes)
--------------------------------        ----        ----        ------- ----- ------------
CONST                               00008E8E    0000001E =          30. bytes (REL,CON,CODE)

      Value  Global                              Global Defined In Module
      -----  --------------------------------   ------------------------
ASxxxx Linker V03.00 + NoICE + sdld,  page 14.

Files Linked                              [ module(s) ]

CodeGeneratorCallBacks.rel                [  ]


Libraries Linked                          [ object file ]

sdcc2iar.lib                              [ s2i_epl_rtc_m41t62.rel ]
sdcc2iar.lib                              [ s2i_accelerometer.rel ]
sdcc2iar.lib                              [ s2i_OSAL_Timers.rel ]
sdcc2iar.lib                              [ s2i_epl_acc_lis331dl.rel ]
sdcc2iar.lib                              [ s2i_timeservice.rel ]
c:\Program Files\SDCC\bin\..\lib\small-stack-auto/libsdcc.lib
                                          [ _bp.rel ]
sdcc2iar.lib                              [ s2i_simpleGATTprofile.rel ]

ASxxxx Linker V03.00 + NoICE + sdld,  page 15.

User Base Address Definitions

HOME = 0x8800
XSEG = 0x0ebd
PSEG = 0x0ebd
ISEG = 0x0000
BSEG = 0x0000
SSEG = 0x0080

